// Jest Snapshot v1, https://goo.gl/fbAQLP

exports[`Link changes the class when hovered 1`] = `
<div
  className="actionbar"
>
  <div
    className="actionbar__title"
  >
    Current printing job
  </div>
  <div
    className="actionbar__extra"
  />
</div>
`;
